// Jest Snapshot v1, https://goo.gl/fbAQLP

exports[`matches snapshot 1`] = `
<DocumentFragment>
  <div
    class="Box"
  >
    <a
      class="Box-button"
    >
      X
    </a>
  </div>
</DocumentFragment>
`;
